<AnimationMapping>
  <stateToFilenameMap>
    <entry>
      <AnimationState>WALK_BACK_STRAFE_LEFT</AnimationState>
      <string>/props/characters/animations/walkcycles/back_strafe_left.DAE</string>
    </entry>
    <entry>
      <AnimationState>COMBAT_AIM_RIFLE</AnimationState>
      <string>/props/characters/animations/combat/rifle/rifle_aim.DAE</string>
    </entry>
    <entry>
      <AnimationState>STRAFE_RIGHT</AnimationState>
      <string>/props/characters/animations/walkcycles/strafe_right.DAE</string>
    </entry>
    <entry>
      <AnimationState>WALK_STRAFE_RIGHT</AnimationState>
      <string>/props/characters/animations/walkcycles/half_strafe_right.DAE</string>
    </entry>
    <entry>
      <AnimationState>TURN_LEFT</AnimationState>
      <string>/props/characters/animations/walkcycles/turn_left.DAE</string>
    </entry>
    <entry>
      <AnimationState>MELEE_STANCE_PUSHED</AnimationState>
      <string>/props/characters/animations/combat/take_dmg/pushed.DAE</string>
    </entry>
    <entry>
      <AnimationState>STRAFE_LEFT</AnimationState>
      <string>/props/characters/animations/walkcycles/strafe_left.DAE</string>
    </entry>
    <entry>
      <AnimationState>MELEE_KICK_SLASH_BACKHAND</AnimationState>
      <string>/props/characters/animations/combat/melee/jump_kick_slash_backhand.DAE</string>
    </entry>
    <entry>
      <AnimationState>IDLE</AnimationState>
      <string>/props/characters/animations/idle/base_idle.DAE</string>
    </entry>
            <entry>
              <AnimationState>COMBAT_DEFAULT_ATTACK</AnimationState>
              <string>/props/characters/animations/combat/melee/lunge_right_high.DAE</string>
            </entry>
    <entry>
      <AnimationState>ATTACK_SWING_RIGHT_HIGH</AnimationState>
      <string>/props/characters/animations/combat/melee/lunge_right_high.DAE</string>
    </entry>
    <entry>
      <AnimationState>COMBAT_STANCE_RIFLE</AnimationState>
      <string>/props/characters/animations/combat/rifle/rifle_stance.DAE</string>
    </entry>

    <entry>
      <AnimationState>COMBAT_STANCE_1</AnimationState>
      <string>/props/characters/animations/combat/melee/stance_right_pulled.DAE</string>
    </entry>
    <entry>
      <AnimationState>DANCE2</AnimationState>
      <string>/props/characters/animations/emotes/dances/dance_loop_2.DAE</string>
    </entry>
    <entry>
      <AnimationState>MELEE_STANCE_BACKHAND</AnimationState>
      <string>/props/characters/animations/combat/melee/swing_right_backhand.DAE</string>
    </entry>
    <entry>
      <AnimationState>SWIM</AnimationState>
      <string>/props/characters/animations/idle/base_idle.DAE</string>
    </entry>
    <entry>
      <AnimationState>MELEE_STANCE_STAB</AnimationState>
      <string>/props/characters/animations/combat/melee/stab_right_low.DAE</string>
    </entry>
    <entry>
      <AnimationState>WALK_BACK_STRAFE_RIGHT</AnimationState>
      <string>/props/characters/animations/walkcycles/back_strafe_right.DAE</string>
    </entry>
    <entry>
      <AnimationState>MELEE_STANCE_LOW</AnimationState>
      <string>/props/characters/animations/combat/melee/swing_right_low.DAE</string>
    </entry>
    <entry>
      <AnimationState>COMBAT_STRIKE_RIFLE_BUTT</AnimationState>
      <string>/props/characters/animations/combat/rifle/rifle_melee_strike_butt.DAE</string>
    </entry>
    <entry>
      <AnimationState>COMBAT_STANCE_2</AnimationState>
      <string>/props/characters/animations/combat/melee/stance_right_high.DAE</string>
    </entry>
    <entry>
      <AnimationState>ATTACK_AIM_LEFT</AnimationState>
      <string>/props/characters/animations/combat/pistol/base_aim_left.DAE</string>
    </entry>
    <entry>
      <AnimationState>COMBAT_SWING_RIFLE</AnimationState>
      <string>/props/characters/animations/combat/rifle/rifle_melee_swing_back.DAE</string>
    </entry>
    <entry>
      <AnimationState>SLEEP</AnimationState>
      <string>/props/characters/animations/idle/sleep.DAE</string>
    </entry>
    <entry>
      <AnimationState>FLY</AnimationState>
      <string>/props/characters/animations/jumps/base_fly.DAE</string>
    </entry>
    <entry>
      <AnimationState>FLY_THRUST</AnimationState>
      <string>/props/characters/animations/jumps/base_fly.DAE</string>
    </entry>
    <entry>
      <AnimationState>COMBAT_FIRE_RIFLE</AnimationState>
      <string>/props/characters/animations/combat/rifle/rifle_fire.DAE</string>
    </entry>
    <entry>
      <AnimationState>WALK</AnimationState>
      <string>/props/characters/animations/walkcycles/human_jog.DAE</string>
    </entry>
    <entry>
      <AnimationState>MELEE_STANCE_HIGH</AnimationState>
      <string>/props/characters/animations/combat/melee/swing_right_high.DAE</string>
    </entry>
    <entry>
      <AnimationState>COMBAT_STRIKE_RIFLE_BARREL</AnimationState>
      <string>/props/characters/animations/combat/rifle/rifle_melee_strike_barrel.DAE</string>
    </entry>
    <entry>
      <AnimationState>SIT</AnimationState>
      <string>/props/characters/animations/idle/sit.DAE</string>
    </entry>
    <entry>
      <AnimationState>WALK_STRAFE_LEFT</AnimationState>
      <string>/props/characters/animations/walkcycles/half_strafe_left.DAE</string>
    </entry>
    <entry>
      <AnimationState>DANCE4</AnimationState>
      <string>/props/characters/animations/emotes/dances/dance_loop_4.DAE</string>
    </entry>
    <entry>
      <AnimationState>WALK_BACK</AnimationState>
      <string>/props/characters/animations/walkcycles/walk_backwards.DAE</string>
    </entry>
    <entry>
      <AnimationState>TURN_RIGHT</AnimationState>
      <string>/props/characters/animations/walkcycles/turn_right.DAE</string>
    </entry>
    <entry>
      <AnimationState>RUN</AnimationState>
      <string>/props/characters/animations/walkcycles/human_jog.DAE</string>
    </entry>
    <entry>
      <AnimationState>JUMP</AnimationState>
      <string>/props/characters/animations/jumps/base_jump.DAE</string>
    </entry>
    <entry>
      <AnimationState>COMBAT_STANCE_3</AnimationState>
      <string>/props/characters/animations/combat/melee/stance_right_low.DAE</string>
    </entry>
    <entry>
      <AnimationState>SIT_PILOT</AnimationState>
      <string>/props/characters/animations/idle/sit_pilot.DAE</string>
    </entry>
    <entry>
      <AnimationState>ATTACK_SWING_RIGHT</AnimationState>
      <string>/props/characters/animations/combat/melee/lunge_right_low.DAE</string>
    </entry>
    <entry>
      <AnimationState>DANCE1</AnimationState>
      <string>/props/characters/animations/emotes/dances/dance_loop.DAE</string>
    </entry>
    <entry>
      <AnimationState>DANCE3</AnimationState>
      <string>/props/characters/animations/emotes/dances/dance_loop_3.DAE</string>
    </entry>
    <entry>
      <AnimationState>TELEPORT_IN</AnimationState>
      <string>/props/characters/animations/idle/base_idle.DAE</string>
    </entry>
    <entry>
      <AnimationState>TELEPORT_OUT</AnimationState>
      <string>/props/characters/animations/idle/base_idle.DAE</string>
    </entry>
	<entry>
      <AnimationState>DEAD</AnimationState>
      <string>/props/characters/animations/idle/sleep.DAE</string>
    </entry>
  </stateToFilenameMap>
</AnimationMapping>